Running with RISCV=/home/wzy/tapeout-Voyager/.conda-env/riscv-tools
cd /home/wzy/tapeout-Voyager/fpga/generated-src/chipyard.fpga.vcu118.VCU118FPGATestHarness.ChipLikeVCU118Config; vivado \
	-nojournal -mode batch \
	-source /home/wzy/tapeout-Voyager/fpga/fpga-shells/xilinx/common/tcl/vivado.tcl \
	-tclargs \
		-top-module "VCU118FPGATestHarness" \
		-F "/home/wzy/tapeout-Voyager/fpga/generated-src/chipyard.fpga.vcu118.VCU118FPGATestHarness.ChipLikeVCU118Config/chipyard.fpga.vcu118.VCU118FPGATestHarness.ChipLikeVCU118Config.vsrcs.f" \
		-board "vcu118" \
		-ip-vivado-tcls "/home/wzy/tapeout-Voyager/fpga/generated-src/chipyard.fpga.vcu118.VCU118FPGATestHarness.ChipLikeVCU118Config/chipyard.fpga.vcu118.VCU118FPGATestHarness.ChipLikeVCU118Config.harnessSysPLL.vivado.tcl /home/wzy/tapeout-Voyager/fpga/generated-src/chipyard.fpga.vcu118.VCU118FPGATestHarness.ChipLikeVCU118Config/chipyard.fpga.vcu118.VCU118FPGATestHarness.ChipLikeVCU118Config.shell.vivado.tcl /home/wzy/tapeout-Voyager/fpga/generated-src/chipyard.fpga.vcu118.VCU118FPGATestHarness.ChipLikeVCU118Config/chipyard.fpga.vcu118.VCU118FPGATestHarness.ChipLikeVCU118Config.vcu118mig.vivado.tcl"

****** Vivado v2021.1 (64-bit)
  **** SW Build 3247384 on Thu Jun 10 19:36:07 MDT 2021
  **** IP Build 3246043 on Fri Jun 11 00:30:35 MDT 2021
    ** Copyright 1986-2021 Xilinx, Inc. All Rights Reserved.

source /home/wzy/tapeout-Voyager/fpga/fpga-shells/xilinx/common/tcl/vivado.tcl
# set scriptdir [file dirname [info script]]
# source [file join $scriptdir "prologue.tcl"]
## set ip_vivado_tcls {}
## while {[llength $argv]} {
##   set argv [lassign $argv[set argv {}] flag]
##   switch -glob $flag {
##     -top-module {
##       set argv [lassign $argv[set argv {}] top]
##     }
##     -F {
##       # This should be a simple file format with one filepath per line
##       set argv [lassign $argv[set argv {}] vsrc_manifest]
##     }
##     -board {
##       set argv [lassign $argv[set argv {}] board]
##     }
##     -ip-vivado-tcls {
##       set argv [lassign $argv[set argv {}] ip_vivado_tcls]
##     }
##     -pre-impl-debug-tcl {
##       set argv [lassign $argv[set argv {}] pre_impl_debug_tcl]
##     }
##     -post-impl-debug-tcl {
##       set argv [lassign $argv[set argv {}] post_impl_debug_tcl]
##     }
##     -env-var-srcs {
##       set argv [lassign $argv[set argv {}] env_var_srcs]
##     }
##     default {
##       return -code error [list {unknown option} $flag]
##     }
##   }
## }
## if {![info exists top]} {
##   return -code error [list {--top-module option is required}]
## }
## if {![info exists vsrc_manifest]} {
##   return -code error [list {-F option is required}]
## }
## if {![info exists board]} {
##   return -code error [list {--board option is required}]
## }
## set commondir [file dirname $scriptdir]
## set boarddir [file join [file dirname $commondir] $board]
## source [file join $boarddir tcl board.tcl]
### set name {vcu118}
### set part_fpga {xcvu9p-flga2104-2L-e}
### set part_board {}
## set constraintsdir [file join $boarddir constraints]
## set srcdir [file join $commondir vsrc]
## set wrkdir [file join [pwd] obj]
## set ipdir [file join $wrkdir ip]
## create_project -part $part_fpga -force $top
WARNING: [Device 21-436] No parts matched 'xcvu9p-flga2104-2L-e'

    while executing
"source [file join $scriptdir "prologue.tcl"]"
    (file "/home/wzy/tapeout-Voyager/fpga/fpga-shells/xilinx/common/tcl/vivado.tcl" line 7)
INFO: [Common 17-206] Exiting Vivado at Sun Jul  6 22:56:34 2025...
